keywords=['HVJB', '板', '指', '表示重なり']
findings=30 blockers=30 lessons=0
BLOCKER: eval_runs/troot_optE_dapg_wholeroute_scope_20260701/P11_MOUNTING_C-2_IMPL_DESIGN_SPEC_20260808.md:191: keyword='指': 2. **実装指示**: route 実行の各相で driver の整定ゲート自己申告（到達/未到達・残差・公差）を**必ず印字・保存**する（既存機構の維持・削らない）。
  - **disposition（本 chunk）**:
  1. **設計段（本 spec）は整定ゲート後の量に接地しない** — witness は運動学量のみ（整定非依存）。
  2. **実装指示**: route 実行の各相で driver の整定ゲート自己申告（到達/未到達・残差・公差）を**必ず印字・保存**する（既存機構の維持・削らない）。
  3. **検証指示（pZ）**: gate 後の量（背板距離・pad-local z・in-band 等）に接地する数値 verdict には**ゲート状態を併記** — 未到達相の数値に無印 PASS を出さない。
  4. **route run で整定ゲートが到達しない相が出たら**: 閾値緩和・公差拡大で通さず **STOP → p4 経由で報告**（Gate FAIL は fix-first・原因確定は本 chunk の scope 外 = 制御方式 (d) 系に隣接するため、勝手に制御へ手を入れない）。
BLOCKER: eval_runs/troot_optE_dapg_wholeroute_scope_20260701/P11_MOUNTING_C-2_IMPL_DESIGN_SPEC_20260808.md:192: keyword='板': 3. **検証指示（pZ）**: gate 後の量（背板距離・pad-local z・in-band 等）に接地する数値 verdict には**ゲート状態を併記** — 未到達相の数値に無印 PASS を出さない。
  1. **設計段（本 spec）は整定ゲート後の量に接地しない** — witness は運動学量のみ（整定非依存）。
  2. **実装指示**: route 実行の各相で driver の整定ゲート自己申告（到達/未到達・残差・公差）を**必ず印字・保存**する（既存機構の維持・削らない）。
  3. **検証指示（pZ）**: gate 後の量（背板距離・pad-local z・in-band 等）に接地する数値 verdict には**ゲート状態を併記** — 未到達相の数値に無印 PASS を出さない。
  4. **route run で整定ゲートが到達しない相が出たら**: 閾値緩和・公差拡大で通さず **STOP → p4 経由で報告**（Gate FAIL は fix-first・原因確定は本 chunk の scope 外 = 制御方式 (d) 系に隣接するため、勝手に制御へ手を入れない）。
  - 先行 1-packet 裁定 = `P11_UR15_DESIGN_DISPOSITION_20260727.md` §27.2.108（@ `de0d29f2b6` 時点の内容に接地・以後加筆あり）— 本 disposition はそれを本 chain の受入条件へ具体化したもの。
BLOCKER: eval_runs/troot_optE_dapg_wholeroute_scope_20260701/P11_MOUNTING_C-2_IMPL_DESIGN_SPEC_20260808.md:192: keyword='指': 3. **検証指示（pZ）**: gate 後の量（背板距離・pad-local z・in-band 等）に接地する数値 verdict には**ゲート状態を併記** — 未到達相の数値に無印 PASS を出さない。
  1. **設計段（本 spec）は整定ゲート後の量に接地しない** — witness は運動学量のみ（整定非依存）。
  2. **実装指示**: route 実行の各相で driver の整定ゲート自己申告（到達/未到達・残差・公差）を**必ず印字・保存**する（既存機構の維持・削らない）。
  3. **検証指示（pZ）**: gate 後の量（背板距離・pad-local z・in-band 等）に接地する数値 verdict には**ゲート状態を併記** — 未到達相の数値に無印 PASS を出さない。
  4. **route run で整定ゲートが到達しない相が出たら**: 閾値緩和・公差拡大で通さず **STOP → p4 経由で報告**（Gate FAIL は fix-first・原因確定は本 chunk の scope 外 = 制御方式 (d) 系に隣接するため、勝手に制御へ手を入れない）。
  - 先行 1-packet 裁定 = `P11_UR15_DESIGN_DISPOSITION_20260727.md` §27.2.108（@ `de0d29f2b6` 時点の内容に接地・以後加筆あり）— 本 disposition はそれを本 chain の受入条件へ具体化したもの。
BLOCKER: eval_runs/troot_optE_dapg_wholeroute_scope_20260701/P11_UR15_DESIGN_DISPOSITION_20260727.md:640: keyword='指': ⇒ ⛔ **§17.3 の「中間指令の値を決める」は撤回する。** **決めるべき中間値は無い** — **設計は全閉で Ø8 を保持するように寸法されている。**
  **全閉でのパッド面 対向 = +9.98 mm** は **Ø8.00 に対して clearance 約 2 mm** であり、**asset が `gap ~10 mm` と書いた設計値と一致する**。⇒ **全閉は「閉じ過ぎ」ではなく、*狙った寸法* である。**
  ⇒ ⛔ **§17.3 の「中間指令の値を決める」は撤回する。** **決めるべき中間値は無い** — **設計は全閉で Ø8 を保持するように寸法されている。**
  ⇒ ⭐ **同時に、爪どうしが全閉で当たる（−0.07 mm）ことも設計どおり**である。各 pad の爪は背板から約 5 mm 突き出しており、**9.98 mm の空間で両側から 5 ＋ 5 mm ⇒ 爪先どうしが出会う**。⭐ **これがまさに banked の `exclude` 行が存在する理由**である（`:173-175` 逐語「the protruding コ claws f1ext/f2ext **can overlap at `GRIPPER_CLOSE_QPOS`**」）。
BLOCKER: eval_runs/troot_optE_dapg_wholeroute_scope_20260701/P11_UR15_DESIGN_DISPOSITION_20260727.md:641: keyword='板': ⇒ ⭐ **同時に、爪どうしが全閉で当たる（−0.07 mm）ことも設計どおり**である。各 pad の爪は背板から約 5 mm 突き出しており、**9.98 mm の空間で両側から 5 ＋ 5 mm ⇒ 爪先どうしが出会う**。⭐ **これがまさに banked の `exclude` 行が存在する理由**である（`:173-175` 逐語「the protruding コ claws f1ext/f2ext **can overlap at `GRIPPER_CLOSE_QPOS`**」）。
  **全閉でのパッド面 対向 = +9.98 mm** は **Ø8.00 に対して clearance 約 2 mm** であり、**asset が `gap ~10 mm` と書いた設計値と一致する**。⇒ **全閉は「閉じ過ぎ」ではなく、*狙った寸法* である。**
  ⇒ ⛔ **§17.3 の「中間指令の値を決める」は撤回する。** **決めるべき中間値は無い** — **設計は全閉で Ø8 を保持するように寸法されている。**
  ⇒ ⭐ **同時に、爪どうしが全閉で当たる（−0.07 mm）ことも設計どおり**である。各 pad の爪は背板から約 5 mm 突き出しており、**9.98 mm の空間で両側から 5 ＋ 5 mm ⇒ 爪先どうしが出会う**。⭐ **これがまさに banked の `exclude` 行が存在する理由**である（`:173-175` 逐語「the protruding コ claws f1ext/f2ext **can overlap at `GRIPPER_CLOSE_QPOS`**」）。
  ### 18.4 ⛔⛔ 帰結 2 — **私の §15.3.2 を撤回する**
BLOCKER: eval_runs/troot_optE_dapg_wholeroute_scope_20260701/P11_UR15_DESIGN_DISPOSITION_20260727.md:773: keyword='指': ⚠ **私の artifact に「Rs が 8 mm を指定した」という記述は無い**（閉じた query で確認 — 唯一の一致は §20.2 の見出し「**Rs へ上げる** 齟齬」であり、**上げる先**の意味であって帰属ではない）。⇒ **訂正すべき記述は無かった。**
  - ⭐ **本節の裁定はこの帰属に依存しない** — 根拠は **z の重なりの計算**（下表）だけである。⇒ **撤回不要。**
  - ⭐ **私の書き方の規律（採用する）: 数を回付するとき「測定」か「算術」か「人の指定」かを必ず書き分ける。⛔ 人の指定に格上げしない。**
  ⚠ **私の artifact に「Rs が 8 mm を指定した」という記述は無い**（閉じた query で確認 — 唯一の一致は §20.2 の見出し「**Rs へ上げる** 齟齬」であり、**上げる先**の意味であって帰属ではない）。⇒ **訂正すべき記述は無かった。**
  **答: 8 mm が名指すのは *背板（パッド面）* の対向ペアである。** 理由は幾何で決まる — **ケーブルの高さに爪は無い**からである。
BLOCKER: eval_runs/troot_optE_dapg_wholeroute_scope_20260701/P11_UR15_DESIGN_DISPOSITION_20260727.md:932: keyword='指': ⛔⛔ **私の観察 1 件を撤回する（原因側は私）。** 旧稿は「**接触が出たのは `HALF` であり、これは工程表 `:1238` の半アンクランプ（誘導用・`0.006`）と *同じ指令である***」と書いた。⇒ **対応づいていない。**
  - ⭐ **素性は判明した（p4 回答）:** **② は稼働 file をその場で編集して `exclude` を戻したもの**（新規作成ではない）／**① は 04:18 の銀行用複製で以後未更新・実行に使われない**。⇒ ⭐ **`exclude` 欠落の測定は ① の内容に対して、復帰後の測定は ② の内容に対して成立する。** ⇒ **§23.3 の表の読みはこれで確定。**
  ⛔ **限定 4 件を必ず併記する（p4）:** ①**CLAMP 行は実挙動の代表でない**（ケーブルが関節を持たない固定体ゆえ、強駆動で 4 節リンクが押し返され pad が乗り上げる）②**`pad1`↔`pad1` の列は面間隔として読めない**（傾きで最近接点が移る）③**`exclude` が唯一の原因までは示していない** ④**受入判定ではない。**
  ⛔⛔ **私の観察 1 件を撤回する（原因側は私）。** 旧稿は「**接触が出たのは `HALF` であり、これは工程表 `:1238` の半アンクランプ（誘導用・`0.006`）と *同じ指令である***」と書いた。⇒ **対応づいていない。**
  **理由（p18 `-073`・私も単位で確認できる）:** **p4 の `HALF` = `170`** ＝ **2F-85 tendon actuator の `ctrl`（無次元・0 開 / 255 閉）**で、**255 のおよそ半分として選ばれた値**であり工程表から導かれていない。一方 **工程表 `:1238` の半アンクランプ = `0.006`** ＝ **フィンガ開度（m）**。⇒ ⛔ **別の量であり、換算は一度もされていない。**
  ⇒ ⛔ **したがって「両側背板接触は *誘導状態* で起きた」とも「*クランプ状態* で起きた」とも言えない。** ⇒ ⛔ **p4 の 3 行（OPEN / HALF / CLAMP）を工程表の 3 状態に対応づけて読まない。**
BLOCKER: eval_runs/troot_optE_dapg_wholeroute_scope_20260701/P11_UR15_DESIGN_DISPOSITION_20260727.md:934: keyword='板': ⇒ ⛔ **したがって「両側背板接触は *誘導状態* で起きた」とも「*クランプ状態* で起きた」とも言えない。** ⇒ ⛔ **p4 の 3 行（OPEN / HALF / CLAMP）を工程表の 3 状態に対応づけて読まない。**
  ⛔⛔ **私の観察 1 件を撤回する（原因側は私）。** 旧稿は「**接触が出たのは `HALF` であり、これは工程表 `:1238` の半アンクランプ（誘導用・`0.006`）と *同じ指令である***」と書いた。⇒ **対応づいていない。**
  **理由（p18 `-073`・私も単位で確認できる）:** **p4 の `HALF` = `170`** ＝ **2F-85 tendon actuator の `ctrl`（無次元・0 開 / 255 閉）**で、**255 のおよそ半分として選ばれた値**であり工程表から導かれていない。一方 **工程表 `:1238` の半アンクランプ = `0.006`** ＝ **フィンガ開度（m）**。⇒ ⛔ **別の量であり、換算は一度もされていない。**
  ⇒ ⛔ **したがって「両側背板接触は *誘導状態* で起きた」とも「*クランプ状態* で起きた」とも言えない。** ⇒ ⛔ **p4 の 3 行（OPEN / HALF / CLAMP）を工程表の 3 状態に対応づけて読まない。**
  ⇒ ⭐ **対応づけに要るのは `ctrl` 値と実フィンガ開度（m）の対応表であり、誰も測っていない。⭐ 測れば決まる量である。**
  ⭐ **私の欠陥の形:** 「surface のみ・判定しない」と書きながら、**「同じ指令である」という対応そのものを断定していた。** ⚠ **本日の「同じ名前の量が別の面を指す」の *単位版***（無次元 `ctrl 170` 対 開度 `0.006 m`）。⚠ **さらに、私は第 2 機能（誘導）の記述の直後にこの行を置いた** ⇒ ⭐ **隣接は主張になり得る**（p18 も同型を自己申告）。
BLOCKER: eval_runs/troot_optE_dapg_wholeroute_scope_20260701/P11_UR15_DESIGN_DISPOSITION_20260727.md:1487: keyword='指': ⇒ ⭐ **L3 が本日の構造的教訓: 同じ物理事象について語る脚どうしは、*同じ面* について語ることを要求しなければならない。** ⇒ **「接触した」と「面間がこの値」は、面を結び付けない限り別の出来事を指し得る。**
  | **L3** | **接触の同一性** | ⛔ **接触が *L2 で測っている面* で起きていること** ＝ **両側の `*_pad1` とケーブルの接触。** ⇒ **これが欠けていた脚であり、R を True にした穴。** |
  ⇒ ⭐ **L3 が本日の構造的教訓: 同じ物理事象について語る脚どうしは、*同じ面* について語ることを要求しなければならない。** ⇒ **「接触した」と「面間がこの値」は、面を結び付けない限り別の出来事を指し得る。**
  ⇒ ⭐ **Rs の機構との整合:** Rs 逐語「**左右で摩擦が生じれば**」⇒ **摩擦を生む面は背板** ⇒ **L3 はその面を要求しているだけで、私が足した条件ではない。** ⇒ **pB -123 (5) の観察（Rs の機構が成立し得るのは L 側だけ）は、L3 を入れれば *述語が自分で* 出す。**
  ⚠ **分類は *肯定形* で書くこと:** 現行は **「名前に `ext` を含まない ⇒ pad」という否定形** ⇒ ⛔ **新しい geom が増えると黙って pad に化ける。** ⇒ **`*_pad1` に一致するものを pad1 とする肯定形へ。**（私の属性順序 grep の失敗と同型 — **フィルタが黙って取りこぼす／黙って拾う**。）
BLOCKER: eval_runs/troot_optE_dapg_wholeroute_scope_20260701/P11_UR15_DESIGN_DISPOSITION_20260727.md:1488: keyword='板': ⇒ ⭐ **Rs の機構との整合:** Rs 逐語「**左右で摩擦が生じれば**」⇒ **摩擦を生む面は背板** ⇒ **L3 はその面を要求しているだけで、私が足した条件ではない。** ⇒ **pB -123 (5) の観察（Rs の機構が成立し得るのは L 側だけ）は、L3 を入れれば *述語が自分で* 出す。**
  ⇒ ⭐ **L3 が本日の構造的教訓: 同じ物理事象について語る脚どうしは、*同じ面* について語ることを要求しなければならない。** ⇒ **「接触した」と「面間がこの値」は、面を結び付けない限り別の出来事を指し得る。**
  ⇒ ⭐ **Rs の機構との整合:** Rs 逐語「**左右で摩擦が生じれば**」⇒ **摩擦を生む面は背板** ⇒ **L3 はその面を要求しているだけで、私が足した条件ではない。** ⇒ **pB -123 (5) の観察（Rs の機構が成立し得るのは L 側だけ）は、L3 を入れれば *述語が自分で* 出す。**
  ⚠ **分類は *肯定形* で書くこと:** 現行は **「名前に `ext` を含まない ⇒ pad」という否定形** ⇒ ⛔ **新しい geom が増えると黙って pad に化ける。** ⇒ **`*_pad1` に一致するものを pad1 とする肯定形へ。**（私の属性順序 grep の失敗と同型 — **フィルタが黙って取りこぼす／黙って拾う**。）
BLOCKER: eval_runs/troot_optE_dapg_wholeroute_scope_20260701/P11_UR15_DESIGN_DISPOSITION_20260727.md:2861: keyword='指': ⇒ ⭐⭐ **継ぎ目 = 「相の *有無と順序* は p5、相の *合否条件と指令* は私」。** ⇒ **本件は p5 が先で、私は各相の要件を渡す側。** ⛔ **私は工程表を書き換えない。**
  - **p5（工程表詳細）= 再把持を *相に分解するか*。** 初回把持と同じ「上空 → 下降 → 狙い → 閉じ」を持たせるか、別の構造にするか。**工程の分解・順序・どちらの手がいつ支えるかは p5。**
  - **私（arm-control）= 各相が *制御として何を満たすべきか*。** 狙いの目標（スロットをケーブル上へ・帯 `12.00` の内・動作点で評価）／指の指令列（離しは背板間 `18.19` 超・閉じは帯へ）／ロールとヨーの割当（§27.2.90）。
  ⇒ ⭐⭐ **継ぎ目 = 「相の *有無と順序* は p5、相の *合否条件と指令* は私」。** ⇒ **本件は p5 が先で、私は各相の要件を渡す側。** ⛔ **私は工程表を書き換えない。**
  **⇒ ④ ⚠ 私が言えないこと:** **上の 3 つが無いことは測ったが、⛔ *それが失敗の原因である* とは測っていない。** ⇒ **「初回把持と再把持の構造差」は 仮説を 1 つに絞る材料であって、原因の証明ではない**（狙いを足しても失敗が残る可能性は排除できていない）。
BLOCKER: eval_runs/troot_optE_dapg_wholeroute_scope_20260701/P5_C2_PROCESS_TABLE_CONSISTENCY_LEG_20260809.md:287: keyword='指': - ⛔ **gate は再開しない** — **dep-1 = 「p5 のレグが履行済み」。gate 自体は計器の表（未達）に移っている**。本節は履行への**注記**であって取り消しではない。〔⚠ **在位置訂正 2026-08-09 16:29**: 本行は元々「**dep-1 は discharged のまま**」と書いていた。p18 が同じ圧縮（`dep-1 = p5 discharged, gate waits on instrument + Rs` → `dep-1 (discharged)`）を自卓の欠陥として撤回し、**主語が「レグ」から「gate」へすり替わる**と指摘 ⇒ **私の行も同じ語を運んでいた**ので、主語を戻した。⭐ **原文は本注記に保存**。⛔ **挿入でなく在位置で直した理由** = 状態を述べる行は、**古い読みが最上位に残っている間ずっと正しく見える**（下に訂正を足すだけでは、そこへ到達しない読み手を救えない）。⛔ **①/② の裁定は p4** — 私は自分の語法だけを直し、gate は動かさない。〕
  ⇒ ⭐ **帰結**: 私の行の未測は **3 つ**（(c1a) 測定可・未実施／(c1b) run 待ち／(c2) run 待ち）。⛔ **(c1a) を run 待ちに数えるのは、閉じられる穴を閉じないままにすること。**
  - ⭐ **(c1b)(c2) が閉じる条件（2026-08-09 16:44 追記・⚠ (c1a) には当たらない = 上行参照）**: **どちらも「静的には無理／実 run でのみ測れる」で同じ**。⇒ **両方とも最初の authorized wired run で閉じる**。**producer は既に名前が付いている** — **(c2)** = driver 既存の「**reached N% of the way**」印字／**(c1)** = **整定ループが arm↔env の走行中最小 clearance を geom 対つきで印字する 1 行**（p18 §1313 §2 の by-product 案・⛔ 受入行ではなく p0 の任意）。⇒ ⭐ **その 1 行が入れば、(c1) は run が許可された日に *副産物として* 埋まる。入らなければ、同じ値を得るのに 1 反復かかる。** ⛔ 私は要件化しない（court = p11/pZ、実装の選択は p0）。
  - ⛔ **gate は再開しない** — **dep-1 = 「p5 のレグが履行済み」。gate 自体は計器の表（未達）に移っている**。本節は履行への**注記**であって取り消しではない。〔⚠ **在位置訂正 2026-08-09 16:29**: 本行は元々「**dep-1 は discharged のまま**」と書いていた。p18 が同じ圧縮（`dep-1 = p5 discharged, gate waits on instrument + Rs` → `dep-1 (discharged)`）を自卓の欠陥として撤回し、**主語が「レグ」から「gate」へすり替わる**と指摘 ⇒ **私の行も同じ語を運んでいた**ので、主語を戻した。⭐ **原文は本注記に保存**。⛔ **挿入でなく在位置で直した理由** = 状態を述べる行は、**古い読みが最上位に残っている間ずっと正しく見える**（下に訂正を足すだけでは、そこへ到達しない読み手を救えない）。⛔ **①/② の裁定は p4** — 私は自分の語法だけを直し、gate は動かさない。〕
  - ⛔ **② 再発注を採らない理由**（p4 の word）: **同じ測定を二重に発注することになる** — (b) の 2 つは既に owner が居り、(c) は受理済みの盲点（新たに測れるものではない）。
  - ⚠ **§4l の「⇒ C-2 に依存する」という平板な書き方は、本節の三つ組に置き換える。** ⇒ **読み手が旧表から「C-2 に依存しない」を継承することも、新表から「依存する」だけを持ち出すことも、どちらも防ぐ。**
BLOCKER: eval_runs/troot_optE_dapg_wholeroute_scope_20260701/P5_C2_PROCESS_TABLE_CONSISTENCY_LEG_20260809.md:289: keyword='板': - ⚠ **§4l の「⇒ C-2 に依存する」という平板な書き方は、本節の三つ組に置き換える。** ⇒ **読み手が旧表から「C-2 に依存しない」を継承することも、新表から「依存する」だけを持ち出すことも、どちらも防ぐ。**
  - ⛔ **gate は再開しない** — **dep-1 = 「p5 のレグが履行済み」。gate 自体は計器の表（未達）に移っている**。本節は履行への**注記**であって取り消しではない。〔⚠ **在位置訂正 2026-08-09 16:29**: 本行は元々「**dep-1 は discharged のまま**」と書いていた。p18 が同じ圧縮（`dep-1 = p5 discharged, gate waits on instrument + Rs` → `dep-1 (discharged)`）を自卓の欠陥として撤回し、**主語が「レグ」から「gate」へすり替わる**と指摘 ⇒ **私の行も同じ語を運んでいた**ので、主語を戻した。⭐ **原文は本注記に保存**。⛔ **挿入でなく在位置で直した理由** = 状態を述べる行は、**古い読みが最上位に残っている間ずっと正しく見える**（下に訂正を足すだけでは、そこへ到達しない読み手を救えない）。⛔ **①/② の裁定は p4** — 私は自分の語法だけを直し、gate は動かさない。〕
  - ⛔ **② 再発注を採らない理由**（p4 の word）: **同じ測定を二重に発注することになる** — (b) の 2 つは既に owner が居り、(c) は受理済みの盲点（新たに測れるものではない）。
  - ⚠ **§4l の「⇒ C-2 に依存する」という平板な書き方は、本節の三つ組に置き換える。** ⇒ **読み手が旧表から「C-2 に依存しない」を継承することも、新表から「依存する」だけを持ち出すことも、どちらも防ぐ。**
  - ⭐ **fold-back（必須）**: zero-pose 診断の値は **fix design と本行の両方**へ書き戻す。片方だけだと**古い行が読める状態で残る**。
BLOCKER: eval_runs/troot_optE_dapg_wholeroute_scope_20260701/P5_PHASE_A_STEP1_5_DETAIL_DESIGN_20260727.md:35: keyword='板': - H1 幾何 LOCK: 爪の突出・口の高さ・背板寸法を変えない (RS71 §0#4 ⇒ 変更は Rs 専権)。
  **ハード (違反不可)**
  - H1 幾何 LOCK: 爪の突出・口の高さ・背板寸法を変えない (RS71 §0#4 ⇒ 変更は Rs 専権)。
  - H2 kinematic トリック禁止 (§0#5)。腕の姿勢は PD の実移動で到達する。
  - H3 制御方式は IK のみ・**位置指令**。位置↔力の切替は **制御方式変更 = Rs 承認必須** (`prohibited.md`)。
BLOCKER: eval_runs/troot_optE_dapg_wholeroute_scope_20260701/P5_PHASE_A_STEP1_5_DETAIL_DESIGN_20260727.md:37: keyword='指': - H3 制御方式は IK のみ・**位置指令**。位置↔力の切替は **制御方式変更 = Rs 承認必須** (`prohibited.md`)。
  - H1 幾何 LOCK: 爪の突出・口の高さ・背板寸法を変えない (RS71 §0#4 ⇒ 変更は Rs 専権)。
  - H2 kinematic トリック禁止 (§0#5)。腕の姿勢は PD の実移動で到達する。
  - H3 制御方式は IK のみ・**位置指令**。位置↔力の切替は **制御方式変更 = Rs 承認必須** (`prohibited.md`)。
  - H4 収容: 把持の瞬間、ケーブル中心が **32.00 ± 1.00**。
BLOCKER: eval_runs/troot_optE_dapg_wholeroute_scope_20260701/PB_T25_THREE_RECONCILIATIONS_LOGANALYST_20260728.md:228: keyword='板': `:267`: `nearest cable link cab7 at **119.0 mm** from the pinch, pad separation **19.2 mm**, ctrl=**236**` ⇒ ⭐ **指は閉じており（ctrl 236・背板 19.2 mm）、それでも掴めていない。柱には触れていない。**
  **反例 1 — 同 run に、マストに触れずに失敗した右手の閉じが在ります。**
  `:263` 逐語: `worst joint j4 short by -0.814 rad; … at its limit = [F,F,F,True,True,F]; … **touching nothing**`
  `:267`: `nearest cable link cab7 at **119.0 mm** from the pinch, pad separation **19.2 mm**, ctrl=**236**` ⇒ ⭐ **指は閉じており（ctrl 236・背板 19.2 mm）、それでも掴めていない。柱には触れていない。**
  ⇒ ⛔ **マストが在ろうと無かろうと失敗する右手の閉じが、この run に 1 件在ります。**
BLOCKER: eval_runs/troot_optE_dapg_wholeroute_scope_20260701/PB_T25_THREE_RECONCILIATIONS_LOGANALYST_20260728.md:228: keyword='指': `:267`: `nearest cable link cab7 at **119.0 mm** from the pinch, pad separation **19.2 mm**, ctrl=**236**` ⇒ ⭐ **指は閉じており（ctrl 236・背板 19.2 mm）、それでも掴めていない。柱には触れていない。**
  **反例 1 — 同 run に、マストに触れずに失敗した右手の閉じが在ります。**
  `:263` 逐語: `worst joint j4 short by -0.814 rad; … at its limit = [F,F,F,True,True,F]; … **touching nothing**`
  `:267`: `nearest cable link cab7 at **119.0 mm** from the pinch, pad separation **19.2 mm**, ctrl=**236**` ⇒ ⭐ **指は閉じており（ctrl 236・背板 19.2 mm）、それでも掴めていない。柱には触れていない。**
  ⇒ ⛔ **マストが在ろうと無かろうと失敗する右手の閉じが、この run に 1 件在ります。**
BLOCKER: eval_runs/troot_optE_dapg_wholeroute_scope_20260701/VIDEO_ANALYST_ROLE_BRIEF_pC_20260727.md:105: keyword='指': - ⚠ **開口幅は設計変更されます** (2026-07-27 Rs 指示で 10.00 → 14.00 mm)。**判定に使う値は必ずその run の model から取り直すこと。**
  - 「**接触が在ることは掴んでいることを意味しません**」— 実例: 背板の面間が **−8.43 mm** (= 背板がケーブルを突き抜けて閉じている) でも接触は在り、数値述語は clamped=True を返しました。**偽陽性**。
  - 「爪の上下の隙間は問題ない、**左右で摩擦が生じれば**ケーブルをコ内に固定できる」「逆に上下をきつくしすぎるとクランプしづらくなる」
  - ⚠ **開口幅は設計変更されます** (2026-07-27 Rs 指示で 10.00 → 14.00 mm)。**判定に使う値は必ずその run の model から取り直すこと。**
  ### ⛔ 私が実際に外した 3 点 (同じ失敗を繰り返さないため、逐語で残す)
BLOCKER: eval_runs/troot_optE_dapg_wholeroute_scope_20260701/W1_B3_CONFORMANCE_COORD_20260713.md:56: keyword='板': | ⭐**F7** | **arm の banked qd = 0 は「妥協」でなく EXACT**: 本基板は arm joint_qd を毎 frame ゼロ化 (producer physics_step:543 / env `apply_arm_only_write_perworld`) ⇒ **capture した arm qd は 1-substep の積分残渣で、次 substep に捨てられる**。**capture の真の delta = gripper_qd + cable_qd のみ** | route_executor.py:386-391 (v1 docstring が明言) / CC3+CC6 | ⭐**v1 の R2b「v1 の qd=0 は妥協」は誤読** → 訂正 |
  | ⭐**F5** | **`run_route` は Rs-LOCKED** (route_executor.py:**1027** banner「ANTI-REVERT / Rs-LOCKED — do NOT edit **any line of run_route** without Rs」、span :1038-3110)。**ANTI-REVERT marker の実体行 = :2474 / :2494 / :2636** (%12 実測、全て run_route 内部)。recorder の **ctor :1074 / finalize :3109 も lock 内側**。**hook :561-562 が属する `physics_step` (:503-565) だけが lock の外** | 本 turn 実測 (CC3 catch) + %12 独立確認 | ⭐**精確な記録 (records-must-match-fact、%12 指示)**: v1 の「recorder と同型に ctor/finalize を挿す」は **ANTI-REVERT marker 行そのものの改変ではない**が、**banner が禁じる「run_route のいずれかの行の編集」に該当** (lock 隣接)。→ **v2 の回避策 = capture を `physics_step` (lock 外) の遅延 init + atexit finalize に閉じ、run_route を 0 行変更 ⇒ 問い自体を消す設計**。%12 = 採択、Rs waiver 不要 |
  | ⭐**F6** | **`_jws` は「関節 ID」基点であって「座標」基点でない**: 1 world = **68 関節 / 74 座標** (cable free-root = 1 関節 ↔ 7 座標 / 6 速度)。既存 :1075-1077 は `_jws[w]+28` を**関節 ID list** の生成にのみ使い、座標は `model.joint_q_start` が解決 | newton_skill_env_base.py:1088-1092 / CC6 catch | ⭐**v1 の R3b「per-world の joint offset で書く (`_jws[w] + _N_ARM_JOINTS ...`)」は座標直書きと誤読され得る → world 0 だけ正しく w≥1 が 6·w ずれる罠。** cable 書込は **必ず `model.joint_q_start` 経由**と明記 |
  | ⭐**F7** | **arm の banked qd = 0 は「妥協」でなく EXACT**: 本基板は arm joint_qd を毎 frame ゼロ化 (producer physics_step:543 / env `apply_arm_only_write_perworld`) ⇒ **capture した arm qd は 1-substep の積分残渣で、次 substep に捨てられる**。**capture の真の delta = gripper_qd + cable_qd のみ** | route_executor.py:386-391 (v1 docstring が明言) / CC3+CC6 | ⭐**v1 の R2b「v1 の qd=0 は妥協」は誤読** → 訂正 |
  | ⭐**F8** | **`eval_fk` は body_q **と** body_qd の両方を書く** (`outputs=[state.body_q, state.body_qd]`) ⇒ qd 保存 restore + eval_fk 1 回で **body_qd は stale にならない**。SolverMuJoCo は `update_data_interval=1` で毎 step `joint_q/joint_qd → qpos/qvel` を同期 | newton 1.2.1 articulation.py / newton_skill_env_base.py:1325/:1338 (CC3 検証) | **新規** (CC6 の H1「body_qd 分裂」仮説は REFUTED) |
  | ⭐**F10** | ⭐**k-realizability + artifact-ID の罠 (本 turn 実測、CC2-1 由来)**: **正典 golden (sha 5f1c3f92 = RUN1_REFERENCE_V2、env が :621-624 で pin)** の G-phase frame 数 = `{0:1124, 1:600, 2:860, 3:3597, 4:620, 5:906}` ⇒ **k=1..5 全て実在**、f_k = 1124/1724/2584/6181/6801、**全境界で両手 grip=0.7407 (閉)**。⚠**別 artifact `p3_dod_cuda_demo_raw` (sha 509ad193) は G6=0 frames / k=4 が release 直後 (grip=開)** — CC2 はこれを読んで「k=5 不在」CRIT を出した (**REFUTED**)。⇒ **hazard class は実在**: v1 builder は frame の無い phase を**静かに skip** (:432-433)、`reset_to_phase` は bank 不在で**静かに no-op** (:3315-3317) ⇒ 非正典 recording なら**退化した bank が silent に出来る** | 本 turn 実測 | ⭐**新規** — R2 に provenance assert + missing-phase fail-loud を新設 |
BLOCKER: eval_runs/troot_optE_dapg_wholeroute_scope_20260701/p4_ur15_sim_20260727/UR15_KOCLAMP5_VIDEO_LEG_pC_20260727.md:26: keyword='板': 〔p18 -136 §5 の指摘との関係〕この訂正により、私の観測と log-L (爪 4 枚 + 背板 2 面に接触・顎 6.81 mm で停止) が **同じ腕 (L) を指します**。⛔ 一致することは正しさの証明ではありません (判定は Rs)。
  ⚠ **私の -128 の報告 (画面左 = L) を撤回します。** ⛔ この帰属で流れた下流の読みは訂正してください。
  ⭐ **維持されるもの**: 「STEP 4 で左右の状態が異なる」「一方は開口部の中・他方は外」という**観測**、および §4 の -094 に対する自己申告。⛔ **入れ替わったのは名前だけです。**
  〔p18 -136 §5 の指摘との関係〕この訂正により、私の観測と log-L (爪 4 枚 + 背板 2 面に接触・顎 6.81 mm で停止) が **同じ腕 (L) を指します**。⛔ 一致することは正しさの証明ではありません (判定は Rs)。
  ---
BLOCKER: eval_runs/troot_optE_dapg_wholeroute_scope_20260701/p4_ur15_sim_20260727/UR15_KOCLAMP5_VIDEO_LEG_pC_20260727.md:26: keyword='指': 〔p18 -136 §5 の指摘との関係〕この訂正により、私の観測と log-L (爪 4 枚 + 背板 2 面に接触・顎 6.81 mm で停止) が **同じ腕 (L) を指します**。⛔ 一致することは正しさの証明ではありません (判定は Rs)。
  ⚠ **私の -128 の報告 (画面左 = L) を撤回します。** ⛔ この帰属で流れた下流の読みは訂正してください。
  ⭐ **維持されるもの**: 「STEP 4 で左右の状態が異なる」「一方は開口部の中・他方は外」という**観測**、および §4 の -094 に対する自己申告。⛔ **入れ替わったのは名前だけです。**
  〔p18 -136 §5 の指摘との関係〕この訂正により、私の観測と log-L (爪 4 枚 + 背板 2 面に接触・顎 6.81 mm で停止) が **同じ腕 (L) を指します**。⛔ 一致することは正しさの証明ではありません (判定は Rs)。
  ---
BLOCKER: eval_runs/ur15_jb_harness_revision_20260907/WORK_LOG.md:10: keyword='板': - 2026-09-08 00:33 JSTまでの保存モデルと照合コマンド出力。F01取付梁5本を追加したモデルのSHA-256は `17fa3a793545ba112bfc11e4eccb5be7ef1503c82e3437b12e31453bf5138bd4`。梁の両端の中央接続点を、梁・既存側面ベース・支持脚底板の三角形へ投影して照合し、最大距離0.00009 mm未満。旧モデルは梁5本の存在条件でexit 1となり、新しい保存モデルは接続確認を通過した。新モデルの全2,737フレームも指定表面の意図しない交差0で統合済み。旧モデルと旧描画のマニフェストを `audit/before_F01_anchors_v10/` と `UR15_JB_OP020_direct_before_F01_anchors_v10.blend` に保持し、配布物へ混ぜない。新モデルから拡大・固定全景の再描画を開始した時点の観測。正式な物理成立判定・強度確認ではない。
  - 2026-09-08 01:01 JST頃の配布用ページ確認。24工程ジャンプ・両動画のメタデータ・全画像・デスクトップ/390 px幅の表示・JavaScript例外なしは通過。一方、全景動画のMedia要求に1件の `net::ERR_ABORTED`（cancelled=true）があり、旧確認器が主動画だけを正常中断として分類するため全体判定が未通過だった。旧結果は `audit/direct_browser_media_abort_before_v10.json` に保持する。次の具体的差分は、主動画・全景動画の両方で実再生と時刻進行を追加確認し、その確認を通った同じローカル動画のMedia中断だけを分類すること。読込み失敗や再生失敗を無条件で無視しない。V10 `OP020 / browser_playback / media_abort` は0 blockers。この新しい再生確認を根拠に限定した再実行を行う。ページの内容・モデル・動画は変更しない。
  - 2026-09-08 00:33 JSTまでの保存モデルと照合コマンド出力。F01取付梁5本を追加したモデルのSHA-256は `17fa3a793545ba112bfc11e4eccb5be7ef1503c82e3437b12e31453bf5138bd4`。梁の両端の中央接続点を、梁・既存側面ベース・支持脚底板の三角形へ投影して照合し、最大距離0.00009 mm未満。旧モデルは梁5本の存在条件でexit 1となり、新しい保存モデルは接続確認を通過した。新モデルの全2,737フレームも指定表面の意図しない交差0で統合済み。旧モデルと旧描画のマニフェストを `audit/before_F01_anchors_v10/` と `UR15_JB_OP020_direct_before_F01_anchors_v10.blend` に保持し、配布物へ混ぜない。新モデルから拡大・固定全景の再描画を開始した時点の観測。正式な物理成立判定・強度確認ではない。
  - 2026-09-08 00:21 JST頃の拡大画像・座標の補助観察による追加差分。表面交差0でも、F01の5つの新しい支持脚の底板が既存側面ベースから離れていた。既存側面ベースのX範囲は0.274–0.328 m、支持脚の底板の近い面は0.341–0.438 mで、同じ親オブジェクトに属するだけでは機械的な接続になっていなかった。`audit/direct_anchor_bounds_v10.log` に座標を保存した。V10 `OP020 / F01 / anchor_bridge` は既存WORK_LOG等の未昇格・未検証を含む13 blocker文脈を検出。新差分は、すでに通過した動作・線材・受け位置を変えず、側面ベースのX=0.328 mの面から各底板の近い面へ、幅24 mm・高さ8 mmの5本の固定梁を追加して隙間をつなぐこと。旧失敗のIK・線材支持配置を再実行するものではない。旧候補の動画は納品せず、接続確認を追加して新しい保存モデル・照合・描画へ進む。取付梁の強度と締結は未検証。
BLOCKER: eval_runs/ur15_jb_harness_revision_20260907/WORK_LOG.md:10: keyword='指': - 2026-09-08 00:33 JSTまでの保存モデルと照合コマンド出力。F01取付梁5本を追加したモデルのSHA-256は `17fa3a793545ba112bfc11e4eccb5be7ef1503c82e3437b12e31453bf5138bd4`。梁の両端の中央接続点を、梁・既存側面ベース・支持脚底板の三角形へ投影して照合し、最大距離0.00009 mm未満。旧モデルは梁5本の存在条件でexit 1となり、新しい保存モデルは接続確認を通過した。新モデルの全2,737フレームも指定表面の意図しない交差0で統合済み。旧モデルと旧描画のマニフェストを `audit/before_F01_anchors_v10/` と `UR15_JB_OP020_direct_before_F01_anchors_v10.blend` に保持し、配布物へ混ぜない。新モデルから拡大・固定全景の再描画を開始した時点の観測。正式な物理成立判定・強度確認ではない。
  - 2026-09-08 01:01 JST頃の配布用ページ確認。24工程ジャンプ・両動画のメタデータ・全画像・デスクトップ/390 px幅の表示・JavaScript例外なしは通過。一方、全景動画のMedia要求に1件の `net::ERR_ABORTED`（cancelled=true）があり、旧確認器が主動画だけを正常中断として分類するため全体判定が未通過だった。旧結果は `audit/direct_browser_media_abort_before_v10.json` に保持する。次の具体的差分は、主動画・全景動画の両方で実再生と時刻進行を追加確認し、その確認を通った同じローカル動画のMedia中断だけを分類すること。読込み失敗や再生失敗を無条件で無視しない。V10 `OP020 / browser_playback / media_abort` は0 blockers。この新しい再生確認を根拠に限定した再実行を行う。ページの内容・モデル・動画は変更しない。
  - 2026-09-08 00:33 JSTまでの保存モデルと照合コマンド出力。F01取付梁5本を追加したモデルのSHA-256は `17fa3a793545ba112bfc11e4eccb5be7ef1503c82e3437b12e31453bf5138bd4`。梁の両端の中央接続点を、梁・既存側面ベース・支持脚底板の三角形へ投影して照合し、最大距離0.00009 mm未満。旧モデルは梁5本の存在条件でexit 1となり、新しい保存モデルは接続確認を通過した。新モデルの全2,737フレームも指定表面の意図しない交差0で統合済み。旧モデルと旧描画のマニフェストを `audit/before_F01_anchors_v10/` と `UR15_JB_OP020_direct_before_F01_anchors_v10.blend` に保持し、配布物へ混ぜない。新モデルから拡大・固定全景の再描画を開始した時点の観測。正式な物理成立判定・強度確認ではない。
  - 2026-09-08 00:21 JST頃の拡大画像・座標の補助観察による追加差分。表面交差0でも、F01の5つの新しい支持脚の底板が既存側面ベースから離れていた。既存側面ベースのX範囲は0.274–0.328 m、支持脚の底板の近い面は0.341–0.438 mで、同じ親オブジェクトに属するだけでは機械的な接続になっていなかった。`audit/direct_anchor_bounds_v10.log` に座標を保存した。V10 `OP020 / F01 / anchor_bridge` は既存WORK_LOG等の未昇格・未検証を含む13 blocker文脈を検出。新差分は、すでに通過した動作・線材・受け位置を変えず、側面ベースのX=0.328 mの面から各底板の近い面へ、幅24 mm・高さ8 mmの5本の固定梁を追加して隙間をつなぐこと。旧失敗のIK・線材支持配置を再実行するものではない。旧候補の動画は納品せず、接続確認を追加して新しい保存モデル・照合・描画へ進む。取付梁の強度と締結は未検証。
BLOCKER: eval_runs/ur15_jb_harness_revision_20260907/WORK_LOG.md:12: keyword='板': - 2026-09-08 00:21 JST頃の拡大画像・座標の補助観察による追加差分。表面交差0でも、F01の5つの新しい支持脚の底板が既存側面ベースから離れていた。既存側面ベースのX範囲は0.274–0.328 m、支持脚の底板の近い面は0.341–0.438 mで、同じ親オブジェクトに属するだけでは機械的な接続になっていなかった。`audit/direct_anchor_bounds_v10.log` に座標を保存した。V10 `OP020 / F01 / anchor_bridge` は既存WORK_LOG等の未昇格・未検証を含む13 blocker文脈を検出。新差分は、すでに通過した動作・線材・受け位置を変えず、側面ベースのX=0.328 mの面から各底板の近い面へ、幅24 mm・高さ8 mmの5本の固定梁を追加して隙間をつなぐこと。旧失敗のIK・線材支持配置を再実行するものではない。旧候補の動画は納品せず、接続確認を追加して新しい保存モデル・照合・描画へ進む。取付梁の強度と締結は未検証。
  - 2026-09-08 00:33 JSTまでの保存モデルと照合コマンド出力。F01取付梁5本を追加したモデルのSHA-256は `17fa3a793545ba112bfc11e4eccb5be7ef1503c82e3437b12e31453bf5138bd4`。梁の両端の中央接続点を、梁・既存側面ベース・支持脚底板の三角形へ投影して照合し、最大距離0.00009 mm未満。旧モデルは梁5本の存在条件でexit 1となり、新しい保存モデルは接続確認を通過した。新モデルの全2,737フレームも指定表面の意図しない交差0で統合済み。旧モデルと旧描画のマニフェストを `audit/before_F01_anchors_v10/` と `UR15_JB_OP020_direct_before_F01_anchors_v10.blend` に保持し、配布物へ混ぜない。新モデルから拡大・固定全景の再描画を開始した時点の観測。正式な物理成立判定・強度確認ではない。
  - 2026-09-08 00:21 JST頃の拡大画像・座標の補助観察による追加差分。表面交差0でも、F01の5つの新しい支持脚の底板が既存側面ベースから離れていた。既存側面ベースのX範囲は0.274–0.328 m、支持脚の底板の近い面は0.341–0.438 mで、同じ親オブジェクトに属するだけでは機械的な接続になっていなかった。`audit/direct_anchor_bounds_v10.log` に座標を保存した。V10 `OP020 / F01 / anchor_bridge` は既存WORK_LOG等の未昇格・未検証を含む13 blocker文脈を検出。新差分は、すでに通過した動作・線材・受け位置を変えず、側面ベースのX=0.328 mの面から各底板の近い面へ、幅24 mm・高さ8 mmの5本の固定梁を追加して隙間をつなぐこと。旧失敗のIK・線材支持配置を再実行するものではない。旧候補の動画は納品せず、接続確認を追加して新しい保存モデル・照合・描画へ進む。取付梁の強度と締結は未検証。
  - 2026-09-08 00:05 JSTまでの保存モデル・コマンド出力による記録。最終候補 `UR15_JB_OP020_direct_v10.blend`（SHA-256 `bf0c40a8bbb4a35a9a5e8f9b7e89bb90952b16385d3d5992c31f283121f9c6b9`）の2,737フレームを3範囲に分けて照合し、範囲の欠落・重複とハッシュ不一致を禁止して統合した。指定した表面の意図しない交差は0組。左右腕・中央本体・自腕の非隣接リンク・手指・カメラ・両線材・供給棚・製品・準備受け・F01支持・C1/C2等を対象とし、除外・接触許容と全対象一覧は `audit/op020_direct_all_frames_v10.json` および参照する3記録に記載。正式な物理成立判定ではない。
BLOCKER: eval_runs/ur15_jb_harness_revision_20260907/WORK_LOG.md:14: keyword='指': - 2026-09-08 00:05 JSTまでの保存モデル・コマンド出力による記録。最終候補 `UR15_JB_OP020_direct_v10.blend`（SHA-256 `bf0c40a8bbb4a35a9a5e8f9b7e89bb90952b16385d3d5992c31f283121f9c6b9`）の2,737フレームを3範囲に分けて照合し、範囲の欠落・重複とハッシュ不一致を禁止して統合した。指定した表面の意図しない交差は0組。左右腕・中央本体・自腕の非隣接リンク・手指・カメラ・両線材・供給棚・製品・準備受け・F01支持・C1/C2等を対象とし、除外・接触許容と全対象一覧は `audit/op020_direct_all_frames_v10.json` および参照する3記録に記載。正式な物理成立判定ではない。
  - 2026-09-08 00:21 JST頃の拡大画像・座標の補助観察による追加差分。表面交差0でも、F01の5つの新しい支持脚の底板が既存側面ベースから離れていた。既存側面ベースのX範囲は0.274–0.328 m、支持脚の底板の近い面は0.341–0.438 mで、同じ親オブジェクトに属するだけでは機械的な接続になっていなかった。`audit/direct_anchor_bounds_v10.log` に座標を保存した。V10 `OP020 / F01 / anchor_bridge` は既存WORK_LOG等の未昇格・未検証を含む13 blocker文脈を検出。新差分は、すでに通過した動作・線材・受け位置を変えず、側面ベースのX=0.328 mの面から各底板の近い面へ、幅24 mm・高さ8 mmの5本の固定梁を追加して隙間をつなぐこと。旧失敗のIK・線材支持配置を再実行するものではない。旧候補の動画は納品せず、接続確認を追加して新しい保存モデル・照合・描画へ進む。取付梁の強度と締結は未検証。
  - 2026-09-08 00:05 JSTまでの保存モデル・コマンド出力による記録。最終候補 `UR15_JB_OP020_direct_v10.blend`（SHA-256 `bf0c40a8bbb4a35a9a5e8f9b7e89bb90952b16385d3d5992c31f283121f9c6b9`）の2,737フレームを3範囲に分けて照合し、範囲の欠落・重複とハッシュ不一致を禁止して統合した。指定した表面の意図しない交差は0組。左右腕・中央本体・自腕の非隣接リンク・手指・カメラ・両線材・供給棚・製品・準備受け・F01支持・C1/C2等を対象とし、除外・接触許容と全対象一覧は `audit/op020_direct_all_frames_v10.json` および参照する3記録に記載。正式な物理成立判定ではない。
  - 直前の失敗からの具体的差分は、左手を軸方向25 mm→Y負側60 mm→軸方向追加195 mm→上方200 mmと順に退避させること、準備受けとF01の線材支持点を両線材の全移動経路に対して選ぶこと。支持棒が別線材を横切る旧配置は採用しない。線材1の既に通過した支持位置を保持し、線材2は準備側の中心線点列の位置比0.90・X正側40 mm、F01の0.75/0.90相当・X負側40 mmの支柱へ変更した。候補検索は `audit/direct_wire_support_candidates_v10.json`。準備受け上・組付け後は線材形状を固定した。線材の解は元の動作と端点・右手が同一であることを確認して再利用し、左退避だけを変更してから実メッシュを再照合した。
  - 読戻しでは404枠メッシュ・19カメラ校正・22外部LED設定・原パッド以外の103ロボットメッシュを保持、91透明パネルのみ削除。全フレームで供給トレー・JB・本体パレットは固定。コネクタ把持中心誤差最大0.222 mm、開度差0.004 mm未満。線材中心線の最小間隔19.9965 mm、作図長の最大誤差0.044 mm、描画30 Hzでの最大頂点移動22.02 mm。工程映像・固定全景を同じモデルから描画している時点の観測であり、動画納品完了の記録ではない。
BLOCKER: eval_runs/ur15_jb_harness_revision_20260907/WORK_LOG.md:21: keyword='板': - 21:28 JSTの保存モデル・全フレーム照合に基づく記録。v10の初回全照合は取出し区間0組、レバー解放3フレームの指先とレバー側板の1組、手の退避・C1移動時の7組を検出。追加したC1–C2間の照合もC1クロスヘッドとC2バレルの1組を検出した。旧候補を `UR15_JB_OP020_direct_before_C1_timing_v10.blend` と `audit/before_C1_timing_v10/` に保存し、未昇格とする。具体的な差分は、レバーから45 mm軸方向へ抜いてから上昇する、組付けハンドの初期軸退避を25 mmにしてから上昇する、C1押し爪を背面下側へ移す、C1全退避後にC2を前進させること。レバーの直接把持が可能になったため仮の操作クリップ・回収受けを削除した。交換指は8×3×8 mmの接触部、ホルダーから先端91.42 mmへ変更。読戻しでは404枠メッシュ・19カメラの校正・22外部LED設定を保持、91透明パネルのみ削除、原パッド4個以外の103ロボットメッシュを保持。初回のコネクタ把持中心誤差最大0.222 mm、開度誤差0.004 mm未満、指先の画角内投影を確認したが、新しいタイミングの保存モデルでは再照合する。力制御・正式物理成立・連続供給の検証結果ではない。
  - 22:46 JSTのコマンド出力・ファイル読取りによる中間記録。C1全退避後のC2前進、左手を25 mm軸退避→Y負側30 mm→上方140 mmへ抜く差分は、後半全フレームの選択表面照合で交差0だった。一方、線材の最小絶対値根を選ぶ旧方法に170/287 mmの形状飛び、連続根へ変更した候補に取出し時の右手との交差を検出した。さらに線材同士を照合へ追加し、旧形状の中心線間隔が準備受け・最終状態で約1.866 mmしかないことを確認。単純な横逃がし・B端持上げ・固定把持ピッチ変更だけでは成立しなかった。具体的な新差分は、既存変形基底とSciPy SLSQPを再利用し、両線材の長さ・中心線間隔20 mm・右手の保守的な包絡を同時制約にして6変数の形状を求めること。SciPy公式SLSQP文書を参照し、非滑らかな最短距離1値を制約にした方法が収束しなかったため、近接点対を更新しながら滑らかな制約と解析微分を使う方法へ変更した。601時点の幾何計算は完走したが、保存モデルの表面照合と動画は未完了。弾性体・力制御のシミュレーションではない。旧失敗の証拠は `audit/before_outward_bow_v10/` と作業用データに残す。
  - 21:28 JSTの保存モデル・全フレーム照合に基づく記録。v10の初回全照合は取出し区間0組、レバー解放3フレームの指先とレバー側板の1組、手の退避・C1移動時の7組を検出。追加したC1–C2間の照合もC1クロスヘッドとC2バレルの1組を検出した。旧候補を `UR15_JB_OP020_direct_before_C1_timing_v10.blend` と `audit/before_C1_timing_v10/` に保存し、未昇格とする。具体的な差分は、レバーから45 mm軸方向へ抜いてから上昇する、組付けハンドの初期軸退避を25 mmにしてから上昇する、C1押し爪を背面下側へ移す、C1全退避後にC2を前進させること。レバーの直接把持が可能になったため仮の操作クリップ・回収受けを削除した。交換指は8×3×8 mmの接触部、ホルダーから先端91.42 mmへ変更。読戻しでは404枠メッシュ・19カメラの校正・22外部LED設定を保持、91透明パネルのみ削除、原パッド4個以外の103ロボットメッシュを保持。初回のコネクタ把持中心誤差最大0.222 mm、開度誤差0.004 mm未満、指先の画角内投影を確認したが、新しいタイミングの保存モデルでは再照合する。力制御・正式物理成立・連続供給の検証結果ではない。
  - 20:04 JST時点のファイル・コマンド出力による作業記録。v10gは241組、供給側準備へ移したv10iは119組のカテゴリ付き表面交差を記録し、いずれも未昇格。v10iでは左右の取付面4組以外に、右腕のIK枝による本体交差、左手首と供給棚・C1待機シューの交差が残った。差分は、供給側でキャップ・CPA・レバーを準備してからハーネスのみ旋回すること、左初回把持を側面のまま60度斜め進入にすること、最終下降で不要だった150 mmの横移動を削除すること、左右の到達可能な8枝を区間別に表面照合して選ぶこと。恒久指ホルダーを維持してゴムパッドを細い仮の交換指へ変更する。Robotiq公式の交換指ガイドと100 mm寸法上限を参照し、仮モデルのホルダーから先端は94.42 mm。剛性・把持力・締結は未検証。自由端を90 mm外側へ置き、線材の変形を尾端だけでなく弧長48％以降へ分散したところ、296時点で目標未到達0、元の線材長を保存できた。力制御・実接触の成立を示すものではない。クリップ回収受けの支持構造と動画は引き続き作業対象。
BLOCKER: eval_runs/ur15_jb_harness_revision_20260907/WORK_LOG.md:21: keyword='指': - 21:28 JSTの保存モデル・全フレーム照合に基づく記録。v10の初回全照合は取出し区間0組、レバー解放3フレームの指先とレバー側板の1組、手の退避・C1移動時の7組を検出。追加したC1–C2間の照合もC1クロスヘッドとC2バレルの1組を検出した。旧候補を `UR15_JB_OP020_direct_before_C1_timing_v10.blend` と `audit/before_C1_timing_v10/` に保存し、未昇格とする。具体的な差分は、レバーから45 mm軸方向へ抜いてから上昇する、組付けハンドの初期軸退避を25 mmにしてから上昇する、C1押し爪を背面下側へ移す、C1全退避後にC2を前進させること。レバーの直接把持が可能になったため仮の操作クリップ・回収受けを削除した。交換指は8×3×8 mmの接触部、ホルダーから先端91.42 mmへ変更。読戻しでは404枠メッシュ・19カメラの校正・22外部LED設定を保持、91透明パネルのみ削除、原パッド4個以外の103ロボットメッシュを保持。初回のコネクタ把持中心誤差最大0.222 mm、開度誤差0.004 mm未満、指先の画角内投影を確認したが、新しいタイミングの保存モデルでは再照合する。力制御・正式物理成立・連続供給の検証結果ではない。
  - 22:46 JSTのコマンド出力・ファイル読取りによる中間記録。C1全退避後のC2前進、左手を25 mm軸退避→Y負側30 mm→上方140 mmへ抜く差分は、後半全フレームの選択表面照合で交差0だった。一方、線材の最小絶対値根を選ぶ旧方法に170/287 mmの形状飛び、連続根へ変更した候補に取出し時の右手との交差を検出した。さらに線材同士を照合へ追加し、旧形状の中心線間隔が準備受け・最終状態で約1.866 mmしかないことを確認。単純な横逃がし・B端持上げ・固定把持ピッチ変更だけでは成立しなかった。具体的な新差分は、既存変形基底とSciPy SLSQPを再利用し、両線材の長さ・中心線間隔20 mm・右手の保守的な包絡を同時制約にして6変数の形状を求めること。SciPy公式SLSQP文書を参照し、非滑らかな最短距離1値を制約にした方法が収束しなかったため、近接点対を更新しながら滑らかな制約と解析微分を使う方法へ変更した。601時点の幾何計算は完走したが、保存モデルの表面照合と動画は未完了。弾性体・力制御のシミュレーションではない。旧失敗の証拠は `audit/before_outward_bow_v10/` と作業用データに残す。
  - 21:28 JSTの保存モデル・全フレーム照合に基づく記録。v10の初回全照合は取出し区間0組、レバー解放3フレームの指先とレバー側板の1組、手の退避・C1移動時の7組を検出。追加したC1–C2間の照合もC1クロスヘッドとC2バレルの1組を検出した。旧候補を `UR15_JB_OP020_direct_before_C1_timing_v10.blend` と `audit/before_C1_timing_v10/` に保存し、未昇格とする。具体的な差分は、レバーから45 mm軸方向へ抜いてから上昇する、組付けハンドの初期軸退避を25 mmにしてから上昇する、C1押し爪を背面下側へ移す、C1全退避後にC2を前進させること。レバーの直接把持が可能になったため仮の操作クリップ・回収受けを削除した。交換指は8×3×8 mmの接触部、ホルダーから先端91.42 mmへ変更。読戻しでは404枠メッシュ・19カメラの校正・22外部LED設定を保持、91透明パネルのみ削除、原パッド4個以外の103ロボットメッシュを保持。初回のコネクタ把持中心誤差最大0.222 mm、開度誤差0.004 mm未満、指先の画角内投影を確認したが、新しいタイミングの保存モデルでは再照合する。力制御・正式物理成立・連続供給の検証結果ではない。
  - 20:04 JST時点のファイル・コマンド出力による作業記録。v10gは241組、供給側準備へ移したv10iは119組のカテゴリ付き表面交差を記録し、いずれも未昇格。v10iでは左右の取付面4組以外に、右腕のIK枝による本体交差、左手首と供給棚・C1待機シューの交差が残った。差分は、供給側でキャップ・CPA・レバーを準備してからハーネスのみ旋回すること、左初回把持を側面のまま60度斜め進入にすること、最終下降で不要だった150 mmの横移動を削除すること、左右の到達可能な8枝を区間別に表面照合して選ぶこと。恒久指ホルダーを維持してゴムパッドを細い仮の交換指へ変更する。Robotiq公式の交換指ガイドと100 mm寸法上限を参照し、仮モデルのホルダーから先端は94.42 mm。剛性・把持力・締結は未検証。自由端を90 mm外側へ置き、線材の変形を尾端だけでなく弧長48％以降へ分散したところ、296時点で目標未到達0、元の線材長を保存できた。力制御・実接触の成立を示すものではない。クリップ回収受けの支持構造と動画は引き続き作業対象。
BLOCKER: eval_runs/ur15_jb_harness_revision_20260907/WORK_LOG.md:689: keyword='板': 具体差分・過去blockerの適用境界・再利用先は `eval_runs/ur15_jb_harness_revision_20260907/analysis/OP030_v06_scope.md`。旧C1クリップ基板/学習の失敗を再実行せず、今回明示されたBlenderのロボット左右配置に限定して進める。F01は必要性の質問であり削除指示ではない。OP040接続先未定義の調査を並行し、まずB千鳥化の完成動画を作る。stateの現行納品参照は完了済みv05を維持する。
  具体差分・過去blockerの適用境界・再利用先は `eval_runs/ur15_jb_harness_revision_20260907/analysis/OP030_v06_scope.md`。旧C1クリップ基板/学習の失敗を再実行せず、今回明示されたBlenderのロボット左右配置に限定して進める。F01は必要性の質問であり削除指示ではない。OP040接続先未定義の調査を並行し、まずB千鳥化の完成動画を作る。stateの現行納品参照は完了済みv05を維持する。
  ## [2026-09-10T22:23:32.994161+09:00] OP030 source checkpoint pushed
BLOCKER: eval_runs/ur15_jb_harness_revision_20260907/WORK_LOG.md:689: keyword='指': 具体差分・過去blockerの適用境界・再利用先は `eval_runs/ur15_jb_harness_revision_20260907/analysis/OP030_v06_scope.md`。旧C1クリップ基板/学習の失敗を再実行せず、今回明示されたBlenderのロボット左右配置に限定して進める。F01は必要性の質問であり削除指示ではない。OP040接続先未定義の調査を並行し、まずB千鳥化の完成動画を作る。stateの現行納品参照は完了済みv05を維持する。
  具体差分・過去blockerの適用境界・再利用先は `eval_runs/ur15_jb_harness_revision_20260907/analysis/OP030_v06_scope.md`。旧C1クリップ基板/学習の失敗を再実行せず、今回明示されたBlenderのロボット左右配置に限定して進める。F01は必要性の質問であり削除指示ではない。OP040接続先未定義の調査を並行し、まずB千鳥化の完成動画を作る。stateの現行納品参照は完了済みv05を維持する。
  ## [2026-09-10T22:23:32.994161+09:00] OP030 source checkpoint pushed
BLOCKER: eval_runs/ur15_jb_harness_revision_20260907/analysis/OP030_v06_scope.md:19: keyword='板': root guard `OP040 / 千鳥 / staggered`は10findings/2blockers/6lessons。両blockerは同じ`07-Design/00-DESIGN-STATUS-LEDGER.md:72`のC1 planar cable/clip-retention pinに関する記録で、1DOFケーブルが水平千鳥のクリップに残れない既知境界と未許可の基板変更/学習campaignが対象。今回の新しい明示指示は、別の製品検討Blenderモデルにおけるロボット床基台の左右配置変更。pinや動的ケーブル基板、T-ROOTの実験、学習、実機成立判定は実施しない。この差分を記録してからB配置/動画の作業へ進む。全文はaudit/op030_stagger_v06_prior_art.logに保存。
  ## 過去の失敗と今回の具体的な差分
  root guard `OP040 / 千鳥 / staggered`は10findings/2blockers/6lessons。両blockerは同じ`07-Design/00-DESIGN-STATUS-LEDGER.md:72`のC1 planar cable/clip-retention pinに関する記録で、1DOFケーブルが水平千鳥のクリップに残れない既知境界と未許可の基板変更/学習campaignが対象。今回の新しい明示指示は、別の製品検討Blenderモデルにおけるロボット床基台の左右配置変更。pinや動的ケーブル基板、T-ROOTの実験、学習、実機成立判定は実施しない。この差分を記録してからB配置/動画の作業へ進む。全文はaudit/op030_stagger_v06_prior_art.logに保存。
  BのH1右指28mmで隣接H2へ干渉した制約は保持し、右20mm開放→180mm離隔→全開を再確認。全体world bake後に親を回して腕が取り残される方法、製品ごと回して接続面を入れ替える方法は使わない。
BLOCKER_CONTEXT_FOUND: before retrying, explicitly explain why this is not the same failed path or obtain a new directive/disposition.
