I01 closed []
I01 open_2_sweep []
I01 back_8_after_open_2_sweep []
I01 lift_50_after_open_2_sweep ['I01']
I01 open_4_sweep []
I01 lift_50_after_open_4_sweep []
I02 closed []
I02 open_2_sweep []
I02 back_8_after_open_2_sweep []
I02 lift_50_after_open_2_sweep ['I02']
I02 open_4_sweep []
I02 lift_50_after_open_4_sweep []
I03 closed []
I03 open_2_sweep []
I03 back_8_after_open_2_sweep []
I03 lift_50_after_open_2_sweep ['I03']
I03 open_4_sweep []
I03 lift_50_after_open_4_sweep []
I04 closed []
I04 open_2_sweep []
I04 back_8_after_open_2_sweep ['WI41']
I04 lift_50_after_open_2_sweep ['I04']
I04 open_4_sweep []
I04 lift_50_after_open_4_sweep []
I05 closed []
I05 open_2_sweep []
I05 back_8_after_open_2_sweep ['WI51']
I05 lift_50_after_open_2_sweep ['I05']
I05 open_4_sweep []
I05 lift_50_after_open_4_sweep []
INSTALLED_ACCESS_COMPLETE
[INFO] Using Python: "/home/rlrk/IsaacLab/env_isaaclab/bin/python"
